Microchip MPLAB XC8 Compiler V2.45

Linker command line:

-W-3 \
  --edf=C:\Program Files\Microchip\xc8\v2.45\pic\dat\20230818022343_en.msgs \
  -cn -h+dist/default/production\APP_EMBEDDED.production.sym \
  --cmf=dist/default/production\APP_EMBEDDED.production.cmf -z -Q18F4620 \
  -oC:\Users\Huda\AppData\Local\Temp\xcBs558.1\driver_tmp_3.o \
  --defsym=__MPLAB_BUILD=1 --fixupoverflow=error \
  -Mdist/default/production/APP_EMBEDDED.production.map \
  --md=C:\Users\Huda\AppData\Local\Temp\xcBs558.1\driver_tmp_0.dat -E1 \
  -ver=XC8 Compiler --acfsm=1493 -ACODE=00h-0FFFFh -ACONST=00h-0FFFFh \
  -ASMALLCONST=01000h-010FFhx240 -AMEDIUMCONST=01000h-0FFFFh \
  -ACOMRAM=01h-07Fh -AABS1=00h-0F7Fh -ABIGRAM=01h-0F7Fh \
  -ARAM=080h-0FFh,0100h-01FFhx14,0F00h-0F7Fh -ABANK0=080h-0FFh \
  -ABANK1=0100h-01FFh -ABANK2=0200h-02FFh -ABANK3=0300h-03FFh \
  -ABANK4=0400h-04FFh -ABANK5=0500h-05FFh -ABANK6=0600h-06FFh \
  -ABANK7=0700h-07FFh -ABANK8=0800h-08FFh -ABANK9=0900h-09FFh \
  -ABANK10=0A00h-0AFFh -ABANK11=0B00h-0BFFh -ABANK12=0C00h-0CFFh \
  -ABANK13=0D00h-0DFFh -ABANK14=0E00h-0EFFh -ABANK15=0F00h-0F7Fh \
  -ASFR=0F80h-0FFFh -ABIGSFR=0F80h-0FFFh -ACONFIG=0300000h-030000Dh \
  -AIDLOC=0200000h-0200007h -AEEDATA=0F00000h-0F003FFh -peeprom_data=EEDATA \
  -preset_vec=00h,intcode,intcodelo,powerup,init -pramtop=01000h \
  -psmallconst=SMALLCONST -pmediumconst=MEDIUMCONST -pconst=CONST \
  -AFARRAM=00h-00h \
  -prdata=COMRAM,nvrram=COMRAM,nvbit=COMRAM,rbss=COMRAM,rbit=COMRAM \
  -pfarbss=FARRAM,fardata=FARRAM,nvFARRAM=FARRAM \
  -pintsave_regs=BIGRAM,bigbss=BIGRAM,bigdata=BIGRAM -pbss=RAM \
  -pidata=CODE,irdata=CODE,ibigdata=CODE,ifardata=CODE -prparam=COMRAM \
  C:\Users\Huda\AppData\Local\Temp\xcBs558.1\driver_tmp_9.o \
  dist/default/production\APP_EMBEDDED.production.o 

Object code version is 3.11

Machine type is 18F4620



                Name                               Link     Load   Length Selector   Space Scale
C:\Users\Huda\AppData\Local\Temp\xcBs558.1\driver_tmp_9.o
                config                           300000   300000        E        0       4
                init                                  0        0        4        0       0
dist/default/production\APP_EMBEDDED.production.o
                config                           300000   300000        E        0       4
                smallconst                         1000     1000        2      800       0
                text6                              11B8     11B8      142      801       0
                text5                              1002     1002      1B6      801       0
                text4                              12FA     12FA      12C      801       0
                text3                              15F6     15F6       86      801       0
                text2                              1570     1570       86      801       0
                text1                              14EA     14EA       86      801       0
                text0                              1426     1426       C4      801       0
                cstackCOMRAM                         23       23       10        1       1
                dataCOMRAM                            1        1       22        1       1
                bssCOMRAM                            33       33        6        1       1
                cinit                              167C     167C       36      801       0
                idataCOMRAM                        16B2     16B2       22      801       0

TOTAL           Name                               Link     Load   Length     Space
        CLASS   CODE           
                init                                  0        0        4         0
                text6                              11B8     11B8      142         0
                text5                              1002     1002      1B6         0
                text4                              12FA     12FA      12C         0
                text3                              15F6     15F6       86         0
                text2                              1570     1570       86         0
                text1                              14EA     14EA       86         0
                text0                              1426     1426       C4         0
                cinit                              167C     167C       36         0
                idataCOMRAM                        16B2     16B2       22         0

        CLASS   CONST          

        CLASS   SMALLCONST     
                smallconst                         1000     1000        2         0

        CLASS   MEDIUMCONST    

        CLASS   COMRAM         
                cstackCOMRAM                         23       23       10         1
                dataCOMRAM                            1        1       22         1
                bssCOMRAM                            33       33        6         1

        CLASS   ABS1           

        CLASS   BIGRAM         

        CLASS   RAM            

        CLASS   BANK0          

        CLASS   BANK1          

        CLASS   BANK2          

        CLASS   BANK3          

        CLASS   BANK4          

        CLASS   BANK5          

        CLASS   BANK6          

        CLASS   BANK7          

        CLASS   BANK8          

        CLASS   BANK9          

        CLASS   BANK10         

        CLASS   BANK11         

        CLASS   BANK12         

        CLASS   BANK13         

        CLASS   BANK14         

        CLASS   BANK15         

        CLASS   SFR            

        CLASS   BIGSFR         

        CLASS   CONFIG         
                config                           300000   300000        E         4

        CLASS   IDLOC          

        CLASS   EEDATA         

        CLASS   FARRAM         

        CLASS   HEAP           

        CLASS   STACK          



SEGMENTS        Name                           Load    Length   Top    Selector   Space  Class

                reset_vec                      000000  000004  000004         0       0  CODE    
                dataCOMRAM                     000001  000038  000039         1       1  COMRAM  
                smallconst                     001000  000002  001002       800       0  SMALLCON
                text5                          001002  0006D2  0016D4       801       0  CODE    


UNUSED ADDRESS RANGES

        Name                Unused          Largest block    Delta
        BANK0            000080-0000FF               80
        BANK1            000100-0001FF              100
        BANK10           000A00-000AFF              100
        BANK11           000B00-000BFF              100
        BANK12           000C00-000CFF              100
        BANK13           000D00-000DFF              100
        BANK14           000E00-000EFF              100
        BANK15           000F00-000F7F               80
        BANK2            000200-0002FF              100
        BANK3            000300-0003FF              100
        BANK4            000400-0004FF              100
        BANK5            000500-0005FF              100
        BANK6            000600-0006FF              100
        BANK7            000700-0007FF              100
        BANK8            000800-0008FF              100
        BANK9            000900-0009FF              100
        BIGRAM           000039-000F7F              F47
        BIGSFR           000F80-000FFF               80
        CODE             000004-000FFF              FFC
                         0016D4-00FFFF             E92C
        COMRAM           000039-00007F               47
        CONST            000004-000FFF              FFC
                         0016D4-00FFFF             E92C
        EEDATA           F00000-F003FF              400
        IDLOC            200000-200007                8
        MEDIUMCONST      0016D4-00FFFF             E92C
        RAM              000080-000F7F              100
        SFR              000F80-000FFF               80
        SMALLCONST       0016D4-00FFFF              100

                                  Symbol Table

_Motor                                  dataCOMRAM   00001B
_Motor_1                                dataCOMRAM   00001F
__HRAM                                  (abs)        000000
__H__absolute__                         __absolute__ 000000
__Habs1                                 abs1         000000
__Hbank0                                bank0        000000
__Hbank1                                bank1        000000
__Hbank10                               bank10       000000
__Hbank11                               bank11       000000
__Hbank12                               bank12       000000
__Hbank13                               bank13       000000
__Hbank14                               bank14       000000
__Hbank15                               bank15       000000
__Hbank2                                bank2        000000
__Hbank3                                bank3        000000
__Hbank4                                bank4        000000
__Hbank5                                bank5        000000
__Hbank6                                bank6        000000
__Hbank7                                bank7        000000
__Hbank8                                bank8        000000
__Hbank9                                bank9        000000
__Hbigbss                               bigbss       000000
__Hbigdata                              bigdata      000000
__Hbigram                               bigram       000000
__Hbigsfr                               bigsfr       000000
__Hbss                                  bss          000000
__HbssCOMRAM                            bssCOMRAM    000000
__Hcinit                                cinit        000000
__Hclrtext                              clrtext      000000
__Hcomram                               comram       000000
__Hconfig                               config       30000E
__Hconst                                const        000000
__HcstackCOMRAM                         cstackCOMRAM 000000
__Hdata                                 data         000000
__HdataCOMRAM                           dataCOMRAM   000000
__Heeprom_data                          eeprom_data  000000
__Hfarbss                               farbss       000000
__Hfardata                              fardata      000000
__Hheap                                 heap         000000
__Hibigdata                             ibigdata     000000
__Hidata                                idata        000000
__HidataCOMRAM                          idataCOMRAM  000000
__Hidloc                                idloc        000000
__Hifardata                             ifardata     000000
__Hinit                                 init         000004
__Hintcode                              intcode      000000
__Hintcode_body                         intcode_body 000000
__Hintcodelo                            intcodelo    000000
__Hintentry                             intentry     000000
__Hintret                               intret       000000
__Hintsave_regs                         intsave_regs 000000
__Hirdata                               irdata       000000
__Hmediumconst                          mediumconst  000000
__HnvFARRAM                             nvFARRAM     000000
__Hnvbit                                nvbit        000000
__Hnvrram                               nvrram       000000
__Hparam                                rparam       000000
__Hpowerup                              powerup      000000
__Hram                                  ram          000000
__Hramtop                               ramtop       001000
__Hrbit                                 rbit         000000
__Hrbss                                 rbss         000000
__Hrdata                                rdata        000000
__Hreset_vec                            reset_vec    000000
__Hrparam                               rparam       000000
__Hsfr                                  sfr          000000
__Hsmallconst                           smallconst   001002
__Hspace_0                              (abs)        0016D4
__Hspace_1                              (abs)        000039
__Hspace_2                              (abs)        000000
__Hspace_4                              (abs)        60000E
__Hstack                                stack        000000
__Hstruct                               struct       000000
__Htemp                                 temp         000000
__Htext                                 text         000000
__Htext0                                text0        000000
__Htext1                                text1        000000
__Htext2                                text2        000000
__Htext3                                text3        000000
__Htext4                                text4        000000
__Htext5                                text5        000000
__Htext6                                text6        000000
__LRAM                                  (abs)        000001
__L__absolute__                         __absolute__ 000000
__Labs1                                 abs1         000000
__Lbank0                                bank0        000000
__Lbank1                                bank1        000000
__Lbank10                               bank10       000000
__Lbank11                               bank11       000000
__Lbank12                               bank12       000000
__Lbank13                               bank13       000000
__Lbank14                               bank14       000000
__Lbank15                               bank15       000000
__Lbank2                                bank2        000000
__Lbank3                                bank3        000000
__Lbank4                                bank4        000000
__Lbank5                                bank5        000000
__Lbank6                                bank6        000000
__Lbank7                                bank7        000000
__Lbank8                                bank8        000000
__Lbank9                                bank9        000000
__Lbigbss                               bigbss       000000
__Lbigdata                              bigdata      000000
__Lbigram                               bigram       000000
__Lbigsfr                               bigsfr       000000
__Lbss                                  bss          000000
__LbssCOMRAM                            bssCOMRAM    000000
__Lcinit                                cinit        000000
__Lclrtext                              clrtext      000000
__Lcomram                               comram       000000
__Lconfig                               config       000000
__Lconst                                const        000000
__LcstackCOMRAM                         cstackCOMRAM 000000
__Ldata                                 data         000000
__LdataCOMRAM                           dataCOMRAM   000000
__Leeprom_data                          eeprom_data  000000
__Lfarbss                               farbss       000000
__Lfardata                              fardata      000000
__Lheap                                 heap         000000
__Libigdata                             ibigdata     000000
__Lidata                                idata        000000
__LidataCOMRAM                          idataCOMRAM  000000
__Lidloc                                idloc        000000
__Lifardata                             ifardata     000000
__Linit                                 init         000000
__Lintcode                              intcode      000000
__Lintcode_body                         intcode_body 000000
__Lintcodelo                            intcodelo    000000
__Lintentry                             intentry     000000
__Lintret                               intret       000000
__Lintsave_regs                         intsave_regs 000000
__Lirdata                               irdata       000000
__Lmediumconst                          mediumconst  000000
__LnvFARRAM                             nvFARRAM     000000
__Lnvbit                                nvbit        000000
__Lnvrram                               nvrram       000000
__Lparam                                rparam       000000
__Lpowerup                              powerup      000000
__Lram                                  ram          000000
__Lramtop                               ramtop       001000
__Lrbit                                 rbit         000000
__Lrbss                                 rbss         000000
__Lrdata                                rdata        000000
__Lreset_vec                            reset_vec    000000
__Lrparam                               rparam       000000
__Lsfr                                  sfr          000000
__Lsmallconst                           smallconst   001000
__Lspace_0                              (abs)        000000
__Lspace_1                              (abs)        000000
__Lspace_2                              (abs)        000000
__Lspace_4                              (abs)        000000
__Lstack                                stack        000000
__Lstruct                               struct       000000
__Ltemp                                 temp         000000
__Ltext                                 text         000000
__Ltext0                                text0        000000
__Ltext1                                text1        000000
__Ltext2                                text2        000000
__Ltext3                                text3        000000
__Ltext4                                text4        000000
__Ltext5                                text5        000000
__Ltext6                                text6        000000
__Motor_A                               bssCOMRAM    000037
__Motor_B                               bssCOMRAM    000035
__S0                                    (abs)        0016D4
__S1                                    (abs)        000039
__S4                                    (abs)        000000
__S5                                    (abs)        000000
___heap_hi                              (abs)        000000
___heap_lo                              (abs)        000000
___inthi_sp                             stack        000000
___inthi_stack_hi                       stack        000000
___inthi_stack_lo                       stack        000000
___intlo_sp                             stack        000000
___intlo_stack_hi                       stack        000000
___intlo_stack_lo                       stack        000000
___param_bank                           (abs)        000000
___rparam_used                          (abs)        000001
___sp                                   stack        000000
___stack_hi                             stack        000000
___stack_lo                             stack        000000
__accesstop                             (abs)        000080
__activetblptr                          (abs)        000002
__end_of__initialization                cinit        0016A8
__end_of_dc_motor_intialize             text5        0011B8
__end_of_dc_motor_move_left             text3        00167C
__end_of_dc_motor_move_right            text2        0015F6
__end_of_dc_motor_stop                  text1        001570
__end_of_gpio_pin_dirction_intialize    text6        0012FA
__end_of_gpio_pin_write_logic           text4        001426
__end_of_main                           text0        0014EA
__initialization                        cinit        00167C
__mediumconst                           mediumconst  000000
__pbssCOMRAM                            bssCOMRAM    000033
__pcinit                                cinit        00167C
__pcstackCOMRAM                         cstackCOMRAM 000023
__pdataCOMRAM                           dataCOMRAM   000001
__pidataCOMRAM                          idataCOMRAM  0016B2
__psmallconst                           smallconst   001000
__ptext0                                text0        001426
__ptext1                                text1        0014EA
__ptext2                                text2        001570
__ptext3                                text3        0015F6
__ptext4                                text4        0012FA
__ptext5                                text5        001002
__ptext6                                text6        0011B8
__ramtop                                ramtop       001000
__smallconst                            smallconst   001000
_dc_motor_intialize                     text5        001002
_dc_motor_move_left                     text3        0015F6
_dc_motor_move_right                    text2        001570
_dc_motor_stop                          text1        0014EA
_gpio_pin_dirction_intialize            text6        0011B8
_gpio_pin_write_logic                   text4        0012FA
_lat_reg                                dataCOMRAM   000001
_main                                   text0        001426
_port_reg                               dataCOMRAM   000015
_tris_reg                               dataCOMRAM   00000B
button_intialize@F2927                  bssCOMRAM    000034
button_read_state@F2933                 bssCOMRAM    000033
dc_motor_intialize@Motor_target         cstackCOMRAM 00002B
dc_motor_intialize@dc_motor_config      cstackCOMRAM 00002A
dc_motor_intialize@ret                  cstackCOMRAM 00002E
dc_motor_move_left@Motor_target         cstackCOMRAM 00002C
dc_motor_move_left@dc_motor_config      cstackCOMRAM 00002B
dc_motor_move_left@ret                  cstackCOMRAM 00002F
dc_motor_move_right@Motor_target        cstackCOMRAM 00002C
dc_motor_move_right@dc_motor_config     cstackCOMRAM 00002B
dc_motor_move_right@ret                 cstackCOMRAM 00002F
dc_motor_stop@Motor_target              cstackCOMRAM 00002C
dc_motor_stop@dc_motor_config           cstackCOMRAM 00002B
dc_motor_stop@ret                       cstackCOMRAM 00002F
end_of_initialization                   cinit        0016A8
gpio_pin_dirction_intialize@_pin_config cstackCOMRAM 000023
gpio_pin_dirction_intialize@ret         cstackCOMRAM 000029
gpio_pin_write_logic@_pin_config        cstackCOMRAM 000023
gpio_pin_write_logic@logic              cstackCOMRAM 000024
gpio_pin_write_logic@ret                cstackCOMRAM 00002A
intlevel0                               text         000000
intlevel1                               text         000000
intlevel2                               text         000000
intlevel3                               text         000000
isa$std                                 (abs)        000001
isa$xinst                               (abs)        000000
main@ret                                cstackCOMRAM 000032
stackhi                                 (abs)        000000
stacklo                                 (abs)        000000
start                                   init         000000
start_initialization                    cinit        00167C


MODULE INFORMATION

Module		Function		Class		Link	Load	Size
ECAL_layer/Application.c
		_main          		CODE           	1426	0000	196

ECAL_layer/Application.c estimated size: 196

shared
		__initialization		CODE           	167C	0000	44

shared estimated size: 44

ECAL_layer/PIC18f_MCAL_gpio.c
		_gpio_pin_write_logic		CODE           	12FA	0000	300
		_gpio_pin_dirction_intialize		CODE           	11B8	0000	322

ECAL_layer/PIC18f_MCAL_gpio.c estimated size: 622

ECAL_layer/DC_MOTOR/ecu_dc_motor.c
		_dc_motor_stop 		CODE           	14EA	0000	134
		_dc_motor_move_right		CODE           	1570	0000	134
		_dc_motor_intialize		CODE           	1002	0000	438
		_dc_motor_move_left		CODE           	15F6	0000	134

ECAL_layer/DC_MOTOR/ecu_dc_motor.c estimated size: 840

